*** Starting uWSGI 2.0.14 (64bit) on [Mon Nov 21 14:28:57 2016] ***
compiled with version: 6.1.1 20160802 on 20 November 2016 17:15:55
os: Linux-4.4.0-2-deepin-amd64 #1 SMP Deepin 4.4.6-4 (2016-07-01)
nodename: chenjunkai-pc
machine: x86_64
clock source: unix
pcre jit disabled
detected number of CPU cores: 4
current working directory: /home/chenjunkai/PycharmProjects/mywechat
detected binary path: /usr/local/bin/uwsgi
chdir() to /home/chenjunkai/PycharmProjects/mywechat
your processes number limit is 15342
your memory page size is 4096 bytes
detected max file descriptor number: 65536
lock engine: pthread robust mutexes
thunder lock: disabled (you can enable it with --thunder-lock)
probably another instance of uWSGI is running on the same address (127.0.0.1:3400).
bind(): Address already in use [core/socket.c line 769]
*** Starting uWSGI 2.0.14 (64bit) on [Mon Nov 21 14:30:58 2016] ***
compiled with version: 6.1.1 20160802 on 20 November 2016 17:15:55
os: Linux-4.4.0-2-deepin-amd64 #1 SMP Deepin 4.4.6-4 (2016-07-01)
nodename: chenjunkai-pc
machine: x86_64
clock source: unix
pcre jit disabled
detected number of CPU cores: 4
current working directory: /home/chenjunkai/PycharmProjects/mywechat
detected binary path: /usr/local/bin/uwsgi
chdir() to /home/chenjunkai/PycharmProjects/mywechat
your processes number limit is 15342
your memory page size is 4096 bytes
detected max file descriptor number: 65536
lock engine: pthread robust mutexes
thunder lock: disabled (you can enable it with --thunder-lock)
probably another instance of uWSGI is running on the same address (127.0.0.1:3400).
bind(): Address already in use [core/socket.c line 769]
*** Starting uWSGI 2.0.14 (64bit) on [Mon Nov 21 14:33:07 2016] ***
compiled with version: 6.1.1 20160802 on 20 November 2016 17:15:55
os: Linux-4.4.0-2-deepin-amd64 #1 SMP Deepin 4.4.6-4 (2016-07-01)
nodename: chenjunkai-pc
machine: x86_64
clock source: unix
pcre jit disabled
detected number of CPU cores: 4
current working directory: /home/chenjunkai/PycharmProjects/mywechat
detected binary path: /usr/local/bin/uwsgi
chdir() to /home/chenjunkai/PycharmProjects/mywechat
your processes number limit is 15342
your memory page size is 4096 bytes
detected max file descriptor number: 65536
lock engine: pthread robust mutexes
thunder lock: disabled (you can enable it with --thunder-lock)
probably another instance of uWSGI is running on the same address (127.0.0.1:3400).
bind(): Address already in use [core/socket.c line 769]
*** Starting uWSGI 2.0.14 (64bit) on [Mon Nov 21 14:46:28 2016] ***
compiled with version: 6.1.1 20160802 on 20 November 2016 17:15:55
os: Linux-4.4.0-2-deepin-amd64 #1 SMP Deepin 4.4.6-4 (2016-07-01)
nodename: chenjunkai-pc
machine: x86_64
clock source: unix
pcre jit disabled
detected number of CPU cores: 4
current working directory: /home/chenjunkai/PycharmProjects/mywechat
detected binary path: /usr/local/bin/uwsgi
chdir() to /home/chenjunkai/PycharmProjects/mywechat
your processes number limit is 15342
your memory page size is 4096 bytes
detected max file descriptor number: 65536
lock engine: pthread robust mutexes
thunder lock: disabled (you can enable it with --thunder-lock)
probably another instance of uWSGI is running on the same address (127.0.0.1:3400).
bind(): Address already in use [core/socket.c line 769]
